---
source: crates/actions/tests/commands_test.rs
expression: "json::format(&data, true).unwrap()"
---
[
  {
    "command": {
      "command": "echo",
      "args": [
        "cache"
      ],
      "set_executable": false,
      "shell": null,
      "stream": false
    },
    "inputFiles": {
      "input.txt": "hash:9f86d081884c7d659a2feaa0c55ad015a3bf4f1b2b0b822cd15d6c15b0f00a08"
    }
  }
]
