---
source: crates/actions/tests/commands_test.rs
expression: "json::format(&data, true).unwrap()"
---
[
  {
    "command": {
      "command": "echo",
      "args": [
        "cache"
      ],
      "set_executable": false,
      "shell": null,
      "stream": false
    },
    "inputEnv": {
      "EXISTS": "value",
      "MISSING": ""
    }
  }
]
