---
source: crates/project-graph/tests/project_graph_test.rs
expression: graph.projects.to_dot()
---
digraph {
    0 [ label="alias-two"]
    1 [ label="dupes-depends-on"]
    2 [ label="tasks"]
    3 [ label="alias-one"]
    4 [ label="alias-three"]
    5 [ label="implicit"]
    6 [ label="multiple"]
    7 [ label="dupes-task-deps"]
    8 [ label="alias-same-id"]
    9 [ label="explicit-and-implicit"]
    10 [ label="explicit"]
    1 -> 0 [ label="development"]
    1 -> 0 [ label="build"]
    2 -> 3 [ label="build"]
    2 -> 4 [ label="build"]
    5 -> 3 [ label="peer"]
    5 -> 4 [ label="build"]
    2 -> 5 [ label="build"]
    7 -> 3 [ label="build"]
    7 -> 3 [ label="build"]
    9 -> 0 [ label="development"]
    9 -> 4 [ label="production"]
    10 -> 3 [ label="development"]
    10 -> 0 [ label="production"]
}
