---
source: crates/project-graph/tests/project_graph_test.rs
expression: graph.projects.to_dot()
---
digraph {
    0 [ label="alias-one"]
    1 [ label="alias-same-id"]
    2 [ label="alias-three"]
    3 [ label="alias-two"]
    4 [ label="dupes-depends-on"]
    5 [ label="dupes-task-deps"]
    6 [ label="explicit"]
    7 [ label="explicit-and-implicit"]
    8 [ label="implicit"]
    9 [ label="multiple"]
    10 [ label="tasks"]
    4 -> 3 [ label="development"]
    4 -> 3 [ label="build"]
    5 -> 0 [ label="build"]
    5 -> 0 [ label="build"]
    6 -> 0 [ label="development"]
    6 -> 3 [ label="production"]
    7 -> 3 [ label="development"]
    7 -> 2 [ label="production"]
    8 -> 0 [ label="peer"]
    8 -> 2 [ label="build"]
    10 -> 0 [ label="build"]
    10 -> 2 [ label="build"]
    10 -> 8 [ label="build"]
}
