---
source: crates/project-graph/tests/project_graph_test.rs
expression: graph.projects.to_dot()
---
digraph {
    0 [ label="alias-two" style=filled, shape=oval, fillcolor=gray, fontcolor=black]
    1 [ label="dupes-depends-on" style=filled, shape=oval, fillcolor=gray, fontcolor=black]
    2 [ label="tasks" style=filled, shape=oval, fillcolor=gray, fontcolor=black]
    3 [ label="alias-one" style=filled, shape=oval, fillcolor=gray, fontcolor=black]
    4 [ label="implicit" style=filled, shape=oval, fillcolor=gray, fontcolor=black]
    5 [ label="alias-three" style=filled, shape=oval, fillcolor=gray, fontcolor=black]
    6 [ label="dupes-task-deps" style=filled, shape=oval, fillcolor=gray, fontcolor=black]
    7 [ label="alias-same-id" style=filled, shape=oval, fillcolor=gray, fontcolor=black]
    8 [ label="explicit-and-implicit" style=filled, shape=oval, fillcolor=gray, fontcolor=black]
    9 [ label="explicit" style=filled, shape=oval, fillcolor=gray, fontcolor=black]
    1 -> 0 [ label="development" arrowhead=box, arrowtail=box]
    1 -> 0 [ label="build" arrowhead=box, arrowtail=box]
    2 -> 3 [ label="build" arrowhead=box, arrowtail=box]
    4 -> 3 [ label="peer" arrowhead=box, arrowtail=box]
    4 -> 5 [ label="build" arrowhead=box, arrowtail=box]
    2 -> 4 [ label="build" arrowhead=box, arrowtail=box]
    2 -> 5 [ label="build" arrowhead=box, arrowtail=box]
    6 -> 3 [ label="build" arrowhead=box, arrowtail=box]
    6 -> 3 [ label="build" arrowhead=box, arrowtail=box]
    8 -> 0 [ label="development" arrowhead=box, arrowtail=box]
    8 -> 5 [ label="build" arrowhead=box, arrowtail=box]
    9 -> 0 [ label="production" arrowhead=box, arrowtail=box]
    9 -> 3 [ label="development" arrowhead=box, arrowtail=box]
}
