---
source: crates/app/src/commands/init/bun.rs
expression: render_template(context).unwrap()
---
# Configures Bun within the toolchain.
bun:
  # The version to use. Must be a semantic version that includes major, minor, and patch.
  version: '1.0.0'

  # Version format to use when syncing dependencies within the project's `package.json`.
  # dependencyVersionFormat: 'workspace'

  # Support the "one version policy" by only declaring dependencies in the root `package.json`.
  # rootPackageOnly: true

  # Sync a project's dependencies as `dependencies` within the project's `package.json`.
  syncProjectWorkspaceDependencies: true
