---
source: crates/node/platform/tests/project_aliases_test.rs
assertion_line: 115
expression: graph.to_dot()
---
digraph {
    0 [ label="nodeNameScope" style=filled, shape=oval, fillcolor=gray, fontcolor=black]
    1 [ label="nodeNameOnly" style=filled, shape=oval, fillcolor=gray, fontcolor=black]
    2 [ label="node" style=filled, shape=oval, fillcolor=gray, fontcolor=black]
    3 [ label="explicitAndImplicit" style=filled, shape=oval, fillcolor=gray, fontcolor=black]
    4 [ label="explicit" style=filled, shape=oval, fillcolor=gray, fontcolor=black]
    5 [ label="noLang" style=filled, shape=oval, fillcolor=gray, fontcolor=black]
    6 [ label="implicit" style=filled, shape=oval, fillcolor=gray, fontcolor=black]
    2 -> 0 [ arrowhead=box, arrowtail=box]
    2 -> 1 [ arrowhead=box, arrowtail=box]
    3 -> 0 [ arrowhead=box, arrowtail=box]
    3 -> 1 [ arrowhead=box, arrowtail=box]
    3 -> 2 [ arrowhead=box, arrowtail=box]
    4 -> 0 [ arrowhead=box, arrowtail=box]
    4 -> 2 [ arrowhead=box, arrowtail=box]
    6 -> 0 [ arrowhead=box, arrowtail=box]
    6 -> 2 [ arrowhead=box, arrowtail=box]
}

