---
source: crates/cli/tests/action_graph_test.rs
expression: assert.output()
---
digraph {
    0 [ label="SyncWorkspace"]
    1 [ label="SyncProject(basic)"]
    2 [ label="RunTask(basic:build)"]
    3 [ label="SyncProject(build-a)"]
    4 [ label="SyncProject(no-tasks)"]
    5 [ label="SyncProject(build-c)"]
    6 [ label="SetupProto(1.2.3)"]
    7 [ label="SetupToolchain(node:24.0.0)"]
    8 [ label="RunTask(build-a:build)"]
    9 [ label="RunTask(build-c:build)"]
    1 -> 0 [ label="required"]
    2 -> 1 [ label="required"]
    4 -> 0 [ label="required"]
    5 -> 0 [ label="required"]
    5 -> 1 [ label="required"]
    3 -> 0 [ label="required"]
    3 -> 4 [ label="required"]
    3 -> 1 [ label="required"]
    3 -> 5 [ label="required"]
    7 -> 0 [ label="required"]
    7 -> 6 [ label="required"]
    9 -> 5 [ label="required"]
    9 -> 7 [ label="required"]
    9 -> 2 [ label="required"]
    8 -> 3 [ label="required"]
    8 -> 7 [ label="required"]
    8 -> 2 [ label="required"]
    8 -> 9 [ label="required"]
}
