---
source: crates/cli/tests/action_graph_test.rs
expression: assert.output()
---

digraph {
    0 [ label="SyncWorkspace"]
    1 [ label="SyncProject(chain)"]
    2 [ label="SetupProto(1.2.3)"]
    3 [ label="SetupToolchain(node:24.0.0)"]
    4 [ label="SetupToolchain(javascript)"]
    5 [ label="RunTask(chain:e)"]
    6 [ label="RunTask(chain:f)"]
    7 [ label="SyncProject(node)"]
    8 [ label="RunTask(node:d)"]
    9 [ label="RunTask(node:c)"]
    10 [ label="SyncProject(basic)"]
    11 [ label="RunTask(basic:build)"]
    12 [ label="RunTask(chain:d)"]
    13 [ label="SyncProject(build-b)"]
    14 [ label="RunTask(build-b:build)"]
    15 [ label="RunTask(chain:a)"]
    16 [ label="RunTask(chain:b)"]
    17 [ label="RunTask(chain:c)"]
    18 [ label="SyncProject(cycle)"]
    19 [ label="RunTask(cycle:c)"]
    20 [ label="RunTask(cycle:a)"]
    21 [ label="RunTask(cycle:b)"]
    22 [ label="SyncProject(build-c)"]
    23 [ label="RunTask(build-c:build)"]
    24 [ label="RunTask(basic:lint)"]
    25 [ label="RunTask(node:b)"]
    26 [ label="SyncProject(build-a)"]
    27 [ label="SyncProject(no-tasks)"]
    28 [ label="RunTask(build-a:build)"]
    29 [ label="RunTask(node:a)"]
    30 [ label="RunTask(basic:test)"]
    31 [ label="RunTask(node:base)"]
    1 -> 0 [ label="required"]
    3 -> 0 [ label="required"]
    3 -> 2 [ label="required"]
    4 -> 0 [ label="required"]
    4 -> 2 [ label="required"]
    6 -> 1 [ label="required"]
    6 -> 3 [ label="required"]
    6 -> 4 [ label="required"]
    5 -> 1 [ label="required"]
    5 -> 3 [ label="required"]
    5 -> 4 [ label="required"]
    5 -> 6 [ label="required"]
    7 -> 0 [ label="required"]
    8 -> 7 [ label="required"]
    8 -> 3 [ label="required"]
    8 -> 4 [ label="required"]
    9 -> 7 [ label="required"]
    9 -> 3 [ label="required"]
    9 -> 4 [ label="required"]
    9 -> 8 [ label="required"]
    10 -> 0 [ label="required"]
    11 -> 10 [ label="required"]
    12 -> 1 [ label="required"]
    12 -> 3 [ label="required"]
    12 -> 4 [ label="required"]
    12 -> 5 [ label="required"]
    13 -> 0 [ label="required"]
    14 -> 13 [ label="required"]
    14 -> 3 [ label="required"]
    14 -> 4 [ label="required"]
    17 -> 1 [ label="required"]
    17 -> 3 [ label="required"]
    17 -> 4 [ label="required"]
    17 -> 12 [ label="required"]
    16 -> 1 [ label="required"]
    16 -> 3 [ label="required"]
    16 -> 4 [ label="required"]
    16 -> 17 [ label="required"]
    15 -> 1 [ label="required"]
    15 -> 3 [ label="required"]
    15 -> 4 [ label="required"]
    15 -> 16 [ label="required"]
    18 -> 0 [ label="required"]
    21 -> 18 [ label="required"]
    21 -> 3 [ label="required"]
    21 -> 4 [ label="required"]
    21 -> 19 [ label="required"]
    20 -> 18 [ label="required"]
    20 -> 3 [ label="required"]
    20 -> 4 [ label="required"]
    20 -> 21 [ label="required"]
    19 -> 18 [ label="required"]
    19 -> 3 [ label="required"]
    19 -> 4 [ label="required"]
    19 -> 20 [ label="required"]
    22 -> 0 [ label="required"]
    22 -> 10 [ label="required"]
    23 -> 22 [ label="required"]
    23 -> 3 [ label="required"]
    23 -> 4 [ label="required"]
    23 -> 11 [ label="required"]
    24 -> 10 [ label="required"]
    25 -> 7 [ label="required"]
    25 -> 3 [ label="required"]
    25 -> 4 [ label="required"]
    25 -> 9 [ label="required"]
    27 -> 0 [ label="required"]
    26 -> 0 [ label="required"]
    26 -> 27 [ label="required"]
    26 -> 10 [ label="required"]
    26 -> 22 [ label="required"]
    28 -> 26 [ label="required"]
    28 -> 3 [ label="required"]
    28 -> 4 [ label="required"]
    28 -> 11 [ label="required"]
    28 -> 23 [ label="required"]
    29 -> 7 [ label="required"]
    29 -> 3 [ label="required"]
    29 -> 4 [ label="required"]
    29 -> 25 [ label="required"]
    30 -> 10 [ label="required"]
    31 -> 7 [ label="required"]
    31 -> 3 [ label="required"]
    31 -> 4 [ label="required"]
}
