---
source: crates/cli/tests/action_graph_test.rs
expression: assert.output()
---
digraph {
    0 [ label="SyncWorkspace" ]
    1 [ label="SyncProject(basic)" ]
    2 [ label="SetupProto(1.2.3)" ]
    3 [ label="SetupToolchain(node:18.0.0)" ]
    4 [ label="SetupToolchain(npm:8.19.0)" ]
    5 [ label="SetupToolchain(javascript)" ]
    6 [ label="SetupEnvironment(javascript)" ]
    7 [ label="InstallDependencies(javascript)" ]
    8 [ label="RunTask(basic:lint)" ]
    1 -> 0 [ ]
    3 -> 0 [ ]
    3 -> 2 [ ]
    4 -> 3 [ ]
    4 -> 0 [ ]
    4 -> 2 [ ]
    5 -> 3 [ ]
    5 -> 4 [ ]
    5 -> 0 [ ]
    5 -> 2 [ ]
    6 -> 5 [ ]
    7 -> 6 [ ]
    8 -> 1 [ ]
    8 -> 7 [ ]
}
