---
source: crates/cli/tests/action_graph_test.rs
expression: assert.output()
---
digraph {
    0 [ label="SyncWorkspace" ]
    1 [ label="SyncProject(node)" ]
    2 [ label="SyncProject(nodeNameScope)" ]
    3 [ label="SyncProject(nodeNameOnly)" ]
    4 [ label="SetupToolchain(node:18.0.0)" ]
    5 [ label="InstallWorkspaceDeps(node:18.0.0)" ]
    6 [ label="RunTask(node:aliasDeps)" ]
    7 [ label="RunTask(nodeNameScope:standard)" ]
    8 [ label="RunTask(nodeNameOnly:standard)" ]
    2 -> 0 [ ]
    3 -> 0 [ ]
    1 -> 0 [ ]
    1 -> 2 [ ]
    1 -> 3 [ ]
    4 -> 0 [ ]
    5 -> 4 [ ]
    7 -> 2 [ ]
    8 -> 3 [ ]
    6 -> 1 [ ]
    6 -> 5 [ ]
    6 -> 7 [ ]
    6 -> 8 [ ]
}
