---
source: crates/cli/tests/action_graph_test.rs
expression: assert.output()
---

digraph {
    0 [ label="SyncWorkspace"]
    1 [ label="SyncProject(node)"]
    2 [ label="SetupProto(1.2.3)"]
    3 [ label="SetupToolchain(node:24.0.0)"]
    4 [ label="SetupToolchain(javascript)"]
    5 [ label="RunTask(node:a)"]
    6 [ label="RunTask(node:b)"]
    7 [ label="RunTask(node:c)"]
    8 [ label="RunTask(node:d)"]
    1 -> 0 [ label="required"]
    3 -> 0 [ label="required"]
    3 -> 2 [ label="required"]
    4 -> 0 [ label="required"]
    4 -> 2 [ label="required"]
    8 -> 1 [ label="required"]
    8 -> 3 [ label="required"]
    8 -> 4 [ label="required"]
    7 -> 1 [ label="required"]
    7 -> 3 [ label="required"]
    7 -> 4 [ label="required"]
    7 -> 8 [ label="required"]
    6 -> 1 [ label="required"]
    6 -> 3 [ label="required"]
    6 -> 4 [ label="required"]
    6 -> 7 [ label="required"]
    5 -> 1 [ label="required"]
    5 -> 3 [ label="required"]
    5 -> 4 [ label="required"]
    5 -> 6 [ label="required"]
}
