---
source: crates/cli/tests/action_graph_test.rs
expression: assert.output()
---
{
  "nodes": [
    {
      "id": 0,
      "label": "SyncWorkspace"
    },
    {
      "id": 7,
      "label": "InstallDependencies(javascript)"
    },
    {
      "id": 3,
      "label": "SetupToolchain(node:18.0.0)"
    },
    {
      "id": 6,
      "label": "SetupEnvironment(javascript)"
    },
    {
      "id": 2,
      "label": "SetupProto(1.2.3)"
    },
    {
      "id": 5,
      "label": "SetupToolchain(javascript)"
    },
    {
      "id": 1,
      "label": "SyncProject(basic)"
    },
    {
      "id": 8,
      "label": "RunTask(basic:lint)"
    },
    {
      "id": 4,
      "label": "SetupToolchain(npm:8.19.0)"
    }
  ],
  "edges": [
    {
      "id": "1 -> 0",
      "label": "",
      "source": 1,
      "target": 0
    },
    {
      "id": "3 -> 0",
      "label": "",
      "source": 3,
      "target": 0
    },
    {
      "id": "3 -> 2",
      "label": "",
      "source": 3,
      "target": 2
    },
    {
      "id": "4 -> 3",
      "label": "",
      "source": 4,
      "target": 3
    },
    {
      "id": "4 -> 0",
      "label": "",
      "source": 4,
      "target": 0
    },
    {
      "id": "4 -> 2",
      "label": "",
      "source": 4,
      "target": 2
    },
    {
      "id": "5 -> 3",
      "label": "",
      "source": 5,
      "target": 3
    },
    {
      "id": "5 -> 4",
      "label": "",
      "source": 5,
      "target": 4
    },
    {
      "id": "5 -> 0",
      "label": "",
      "source": 5,
      "target": 0
    },
    {
      "id": "5 -> 2",
      "label": "",
      "source": 5,
      "target": 2
    },
    {
      "id": "6 -> 5",
      "label": "",
      "source": 6,
      "target": 5
    },
    {
      "id": "7 -> 6",
      "label": "",
      "source": 7,
      "target": 6
    },
    {
      "id": "8 -> 1",
      "label": "",
      "source": 8,
      "target": 1
    },
    {
      "id": "8 -> 7",
      "label": "",
      "source": 8,
      "target": 7
    }
  ]
}
