---
source: crates/cli/tests/action_graph_test.rs
expression: assert.output()
---
digraph {
    0 [ label="SyncWorkspace"]
    1 [ label="SyncProject(chain)"]
    2 [ label="SetupProto(1.2.3)"]
    3 [ label="SetupToolchain(node:24.0.0)"]
    4 [ label="RunTask(chain:e)"]
    5 [ label="RunTask(chain:f)"]
    6 [ label="SyncProject(node)"]
    7 [ label="RunTask(node:d)"]
    8 [ label="RunTask(node:c)"]
    9 [ label="SyncProject(basic)"]
    10 [ label="RunTask(basic:build)"]
    11 [ label="RunTask(chain:d)"]
    12 [ label="SyncProject(build-b)"]
    13 [ label="RunTask(build-b:build)"]
    14 [ label="RunTask(chain:a)"]
    15 [ label="RunTask(chain:b)"]
    16 [ label="RunTask(chain:c)"]
    17 [ label="SyncProject(cycle)"]
    18 [ label="RunTask(cycle:c)"]
    19 [ label="RunTask(cycle:a)"]
    20 [ label="RunTask(cycle:b)"]
    21 [ label="SyncProject(build-c)"]
    22 [ label="RunTask(build-c:build)"]
    23 [ label="RunTask(basic:lint)"]
    24 [ label="RunTask(node:b)"]
    25 [ label="SyncProject(build-a)"]
    26 [ label="SyncProject(no-tasks)"]
    27 [ label="RunTask(build-a:build)"]
    28 [ label="RunTask(node:a)"]
    29 [ label="RunTask(basic:test)"]
    1 -> 0 [ label="required"]
    3 -> 0 [ label="required"]
    3 -> 2 [ label="required"]
    5 -> 1 [ label="required"]
    5 -> 3 [ label="required"]
    4 -> 1 [ label="required"]
    4 -> 3 [ label="required"]
    4 -> 5 [ label="required"]
    6 -> 0 [ label="required"]
    7 -> 6 [ label="required"]
    7 -> 3 [ label="required"]
    8 -> 6 [ label="required"]
    8 -> 3 [ label="required"]
    8 -> 7 [ label="required"]
    9 -> 0 [ label="required"]
    10 -> 9 [ label="required"]
    10 -> 3 [ label="required"]
    11 -> 1 [ label="required"]
    11 -> 3 [ label="required"]
    11 -> 4 [ label="required"]
    12 -> 0 [ label="required"]
    13 -> 12 [ label="required"]
    13 -> 3 [ label="required"]
    16 -> 1 [ label="required"]
    16 -> 3 [ label="required"]
    16 -> 11 [ label="required"]
    15 -> 1 [ label="required"]
    15 -> 3 [ label="required"]
    15 -> 16 [ label="required"]
    14 -> 1 [ label="required"]
    14 -> 3 [ label="required"]
    14 -> 15 [ label="required"]
    17 -> 0 [ label="required"]
    20 -> 17 [ label="required"]
    20 -> 3 [ label="required"]
    20 -> 18 [ label="required"]
    19 -> 17 [ label="required"]
    19 -> 3 [ label="required"]
    19 -> 20 [ label="required"]
    18 -> 17 [ label="required"]
    18 -> 3 [ label="required"]
    18 -> 19 [ label="required"]
    21 -> 0 [ label="required"]
    21 -> 9 [ label="required"]
    22 -> 21 [ label="required"]
    22 -> 3 [ label="required"]
    22 -> 10 [ label="required"]
    23 -> 9 [ label="required"]
    23 -> 3 [ label="required"]
    24 -> 6 [ label="required"]
    24 -> 3 [ label="required"]
    24 -> 8 [ label="required"]
    26 -> 0 [ label="required"]
    25 -> 0 [ label="required"]
    25 -> 26 [ label="required"]
    25 -> 9 [ label="required"]
    25 -> 21 [ label="required"]
    27 -> 25 [ label="required"]
    27 -> 3 [ label="required"]
    27 -> 10 [ label="required"]
    27 -> 22 [ label="required"]
    28 -> 6 [ label="required"]
    28 -> 3 [ label="required"]
    28 -> 24 [ label="required"]
    29 -> 9 [ label="required"]
    29 -> 3 [ label="required"]
}
