---
source: crates/cli/tests/action_graph_test.rs
expression: assert.output()
---
digraph {
    0 [ label="SyncWorkspace" ]
    1 [ label="SyncProject(chain)" ]
    2 [ label="SetupToolchain(node:18.0.0)" ]
    3 [ label="InstallWorkspaceDeps(node:18.0.0)" ]
    4 [ label="RunTask(chain:e)" ]
    5 [ label="RunTask(chain:f)" ]
    1 -> 0 [ ]
    2 -> 0 [ ]
    3 -> 2 [ ]
    5 -> 1 [ ]
    5 -> 3 [ ]
    4 -> 1 [ ]
    4 -> 3 [ ]
    4 -> 5 [ ]
}
