---
source: crates/cli/tests/action_graph_test.rs
expression: assert.output()
---
{
  "nodes": [
    {
      "id": 0,
      "label": "SyncWorkspace"
    },
    {
      "id": 3,
      "label": "SetupToolchain(node:18.0.0)"
    },
    {
      "id": 1,
      "label": "SyncProject(basic)"
    },
    {
      "id": 5,
      "label": "RunTask(basic:lint)"
    },
    {
      "id": 4,
      "label": "InstallWorkspaceDeps(node:18.0.0)"
    },
    {
      "id": 2,
      "label": "SetupProto(1.2.3)"
    }
  ],
  "edges": [
    {
      "id": "1 -> 0",
      "label": "",
      "source": 1,
      "target": 0
    },
    {
      "id": "3 -> 0",
      "label": "",
      "source": 3,
      "target": 0
    },
    {
      "id": "3 -> 2",
      "label": "",
      "source": 3,
      "target": 2
    },
    {
      "id": "4 -> 0",
      "label": "",
      "source": 4,
      "target": 0
    },
    {
      "id": "4 -> 3",
      "label": "",
      "source": 4,
      "target": 3
    },
    {
      "id": "5 -> 1",
      "label": "",
      "source": 5,
      "target": 1
    },
    {
      "id": "5 -> 4",
      "label": "",
      "source": 5,
      "target": 4
    }
  ]
}
