---
source: crates/cli/tests/action_graph_test.rs
expression: assert.output()
---
digraph {
    0 [ label="SyncWorkspace" ]
    1 [ label="SyncProject(basic)" ]
    2 [ label="SetupToolchain(node:18.0.0)" ]
    3 [ label="InstallWorkspaceDeps(node:18.0.0)" ]
    4 [ label="RunTask(basic:build)" ]
    5 [ label="SyncProject(buildA)" ]
    6 [ label="SyncProject(noTasks)" ]
    7 [ label="SyncProject(buildC)" ]
    8 [ label="RunTask(buildA:build)" ]
    9 [ label="RunTask(buildC:build)" ]
    1 -> 0 [ ]
    2 -> 0 [ ]
    3 -> 2 [ ]
    4 -> 1 [ ]
    4 -> 3 [ ]
    6 -> 0 [ ]
    7 -> 0 [ ]
    5 -> 0 [ ]
    5 -> 6 [ ]
    5 -> 7 [ ]
    5 -> 1 [ ]
    9 -> 7 [ ]
    9 -> 3 [ ]
    8 -> 5 [ ]
    8 -> 3 [ ]
    8 -> 4 [ ]
    8 -> 9 [ ]
}
