---
source: crates/cli/tests/dep_graph_test.rs
assertion_line: 30
expression: get_assert_output(&assert)
---
digraph {
    0 [ label="SetupToolchain" style=filled, shape=oval, fillcolor=black, fontcolor=white]
    1 [ label="InstallNodeDeps" style=filled, shape=oval, fillcolor=gray, fontcolor=black]
    2 [ label="SyncNodeProject(dependsOn)" style=filled, shape=oval, fillcolor=gray, fontcolor=black]
    3 [ label="SyncNodeProject(depsC)" style=filled, shape=oval, fillcolor=gray, fontcolor=black]
    4 [ label="SyncNodeProject(depsB)" style=filled, shape=oval, fillcolor=gray, fontcolor=black]
    5 [ label="SyncNodeProject(depsA)" style=filled, shape=oval, fillcolor=gray, fontcolor=black]
    6 [ label="RunTarget(dependsOn:standard)" style=filled, shape=oval, fillcolor=gray, fontcolor=black]
    1 -> 0 [ arrowhead=box, arrowtail=box]
    2 -> 0 [ arrowhead=box, arrowtail=box]
    3 -> 0 [ arrowhead=box, arrowtail=box]
    2 -> 3 [ arrowhead=box, arrowtail=box]
    4 -> 0 [ arrowhead=box, arrowtail=box]
    2 -> 4 [ arrowhead=box, arrowtail=box]
    5 -> 0 [ arrowhead=box, arrowtail=box]
    2 -> 5 [ arrowhead=box, arrowtail=box]
    6 -> 1 [ arrowhead=box, arrowtail=box]
    6 -> 2 [ arrowhead=box, arrowtail=box]
}



