---
source: crates/cli/tests/dep_graph_test.rs
assertion_line: 78
expression: assert.output()
---
digraph {
    0 [ label="SetupNodeTool(18.0.0)" style=filled, shape=oval, fillcolor=gray, fontcolor=black]
    1 [ label="InstallNodeDeps(18.0.0)" style=filled, shape=oval, fillcolor=gray, fontcolor=black]
    2 [ label="SyncNodeProject(basic)" style=filled, shape=oval, fillcolor=gray, fontcolor=black]
    3 [ label="RunTarget(basic:build)" style=filled, shape=oval, fillcolor=gray, fontcolor=black]
    4 [ label="SyncNodeProject(buildA)" style=filled, shape=oval, fillcolor=gray, fontcolor=black]
    5 [ label="SyncNodeProject(noTasks)" style=filled, shape=oval, fillcolor=gray, fontcolor=black]
    6 [ label="SyncNodeProject(buildC)" style=filled, shape=oval, fillcolor=gray, fontcolor=black]
    7 [ label="RunTarget(buildA:build)" style=filled, shape=oval, fillcolor=gray, fontcolor=black]
    8 [ label="RunTarget(buildC:build)" style=filled, shape=oval, fillcolor=gray, fontcolor=black]
    1 -> 0 [ arrowhead=box, arrowtail=box]
    2 -> 0 [ arrowhead=box, arrowtail=box]
    3 -> 1 [ arrowhead=box, arrowtail=box]
    3 -> 2 [ arrowhead=box, arrowtail=box]
    4 -> 0 [ arrowhead=box, arrowtail=box]
    5 -> 0 [ arrowhead=box, arrowtail=box]
    4 -> 5 [ arrowhead=box, arrowtail=box]
    4 -> 2 [ arrowhead=box, arrowtail=box]
    6 -> 0 [ arrowhead=box, arrowtail=box]
    4 -> 6 [ arrowhead=box, arrowtail=box]
    7 -> 1 [ arrowhead=box, arrowtail=box]
    7 -> 4 [ arrowhead=box, arrowtail=box]
    8 -> 1 [ arrowhead=box, arrowtail=box]
    8 -> 6 [ arrowhead=box, arrowtail=box]
    7 -> 3 [ arrowhead=box, arrowtail=box]
    7 -> 8 [ arrowhead=box, arrowtail=box]
}



