---
source: crates/cli/tests/dep_graph_test.rs
assertion_line: 50
expression: get_assert_output(&assert)
---
digraph {
    0 [ label="SetupNodeToolchain(16.0.0)" style=filled, shape=oval, fillcolor=gray, fontcolor=black]
    1 [ label="InstallNodeDeps(16.0.0)" style=filled, shape=oval, fillcolor=gray, fontcolor=black]
    2 [ label="SyncNodeProject(depsC)" style=filled, shape=oval, fillcolor=gray, fontcolor=black]
    3 [ label="RunTarget(depsC:standard)" style=filled, shape=oval, fillcolor=gray, fontcolor=black]
    4 [ label="SyncNodeProject(dependsOnScopes)" style=filled, shape=oval, fillcolor=gray, fontcolor=black]
    5 [ label="SyncNodeProject(depsD)" style=filled, shape=oval, fillcolor=gray, fontcolor=black]
    6 [ label="SyncNodeProject(depsB)" style=filled, shape=oval, fillcolor=gray, fontcolor=black]
    7 [ label="SyncNodeProject(depsA)" style=filled, shape=oval, fillcolor=gray, fontcolor=black]
    8 [ label="RunTarget(dependsOnScopes:standard)" style=filled, shape=oval, fillcolor=gray, fontcolor=black]
    9 [ label="SyncNodeProject(dependsOn)" style=filled, shape=oval, fillcolor=gray, fontcolor=black]
    10 [ label="RunTarget(dependsOn:standard)" style=filled, shape=oval, fillcolor=gray, fontcolor=black]
    1 -> 0 [ arrowhead=box, arrowtail=box]
    2 -> 0 [ arrowhead=box, arrowtail=box]
    3 -> 1 [ arrowhead=box, arrowtail=box]
    3 -> 2 [ arrowhead=box, arrowtail=box]
    4 -> 0 [ arrowhead=box, arrowtail=box]
    5 -> 0 [ arrowhead=box, arrowtail=box]
    4 -> 5 [ arrowhead=box, arrowtail=box]
    4 -> 2 [ arrowhead=box, arrowtail=box]
    6 -> 0 [ arrowhead=box, arrowtail=box]
    4 -> 6 [ arrowhead=box, arrowtail=box]
    7 -> 0 [ arrowhead=box, arrowtail=box]
    4 -> 7 [ arrowhead=box, arrowtail=box]
    8 -> 1 [ arrowhead=box, arrowtail=box]
    8 -> 4 [ arrowhead=box, arrowtail=box]
    9 -> 0 [ arrowhead=box, arrowtail=box]
    9 -> 2 [ arrowhead=box, arrowtail=box]
    9 -> 6 [ arrowhead=box, arrowtail=box]
    9 -> 7 [ arrowhead=box, arrowtail=box]
    10 -> 1 [ arrowhead=box, arrowtail=box]
    10 -> 9 [ arrowhead=box, arrowtail=box]
}



