---
source: crates/cli/tests/dep_graph_test.rs
assertion_line: 20
expression: get_assert_output(&assert)
---
digraph {
    0 [ label="SetupToolchain" style=filled, shape=oval, fillcolor=black, fontcolor=white]
    1 [ label="InstallNodeDeps" style=filled, shape=oval, fillcolor=gray, fontcolor=black]
    2 [ label="SyncNodeProject(node)" style=filled, shape=oval, fillcolor=gray, fontcolor=black]
    3 [ label="RunTarget(node:standard)" style=filled, shape=oval, fillcolor=gray, fontcolor=black]
    1 -> 0 [ arrowhead=box, arrowtail=box]
    2 -> 0 [ arrowhead=box, arrowtail=box]
    3 -> 1 [ arrowhead=box, arrowtail=box]
    3 -> 2 [ arrowhead=box, arrowtail=box]
}



