---
source: crates/cli/tests/extension_info_test.rs
expression: assert.output_standardized()
---
Extension ──────────────────────────────────────────────────

  Download a file from a URL into the current working directory.

  ID: download
  Title: Download

APIs ───────────────────────────────────────────────────────

  ⚫️ define_extension_config
  🟢 execute_extension
  ⚫️ extend_command
  ⚫️ extend_project_graph
  ⚫️ extend_task_command
  ⚫️ extend_task_script
  ⚫️ initialize_extension
  🟢 register_extension (required)
  ⚫️ sync_project
  ⚫️ sync_workspace
