---
source: crates/cli/tests/init_node_test.rs
expression: "fs::read_to_string(config).unwrap()"
---
# https://moonrepo.dev/docs/config/toolchain
$schema: 'https://moonrepo.dev/schemas/toolchain.json'

# Extend and inherit an external configuration file. Must be a valid HTTPS URL or file system path.
# extends: './shared/toolchain.yml'

node:
  version: '18.0.0'
  packageManager: 'npm'

typescript:
  syncProjectReferences: true
