---
source: crates/cli/tests/migrate_test.rs
expression: "fs::read_to_string(sandbox.path().join(\"package-json/common/moon.yml\")).unwrap()"
---
tasks:
  lint:
    command:
    - eslint
    - '.'
    toolchain: node
  lint-fix:
    command:
    - moon
    - run
    - common:lint
    - '--'
    - '--fix'
    toolchain: node
