---
source: crates/cli/tests/project_test.rs
expression: assert.output()
---
Metadata ───────────────

  Advanced example.

  Name: Advanced
  Channel: #infra
  Owner: @infra
  Maintainers: @user1, @user2

About ──────────────────

  Project: metadata
  Source: metadata
  Toolchain: system
  Language: unknown
  Stack: infrastructure
  Layer: configuration
  Depends on: —

Configuration ──────────

  Inherits from:
    - .moon/tasks.yml
  Tags: —
  Environment variables: —

File groups ────────────

  sources:
    - metadata/src/**/*
    - metadata/types/**/*
  tests:
    - metadata/tests/**/*

Tasks ──────────────────

  build:
    › noop
  test:
    › noop
