---
source: crates/cli/tests/project_test.rs
expression: assert.output()
---
About ──────────────────

  Project: basic
  Source: basic
  Toolchain: node
  Language: javascript
  Stack: unknown
  Layer: unknown
  Depends on:
    - noConfig (production)

Configuration ──────────

  Inherits from:
    - .moon/tasks.yml
  Tags:
    - vue
  Environment variables: —

File groups ────────────

  sources:
    - basic/src/**/*
    - basic/types/**/*
  tests:
    - basic/**/*_test.rs
