---
source: crates/cli/tests/project_test.rs
expression: assert.output()
---
 TASKS 

Project: tasks
Source: tasks
Platform: node
Language: typescript
Stack: unknown
Type: unknown

 INHERITS FROM 

  - .moon/tasks.yml

 TASKS 

lint: 
  › eslint --cache --report-unused-disable-directives
test: 
  › jest --cache --color

 FILE GROUPS 

sources:
  - tasks/src/**/*
  - tasks/types/**/*
tests:
  - tasks/tests/**/*
