---
source: crates/cli/tests/project_test.rs
expression: assert.output_standardized()
---

 FOO 

Project: foo
Source: deps/foo
Language: javascript
Type: application
Tags: react

 DEPENDS ON 

 - bar (explicit, production)
 - baz (explicit, production)

 FILE GROUPS 

sources:
 - deps/foo/src/**/*
 - deps/foo/types/**/*
tests:
 - deps/foo/tests/**/*



