---
source: crates/cli/tests/project_graph_test.rs
assertion_line: 35
expression: get_assert_output(&assert)
---
digraph {
    0 [ label="(workspace)" style=filled, shape=oval, fillcolor=black, fontcolor=white]
    1 [ label="foo" style=filled, shape=oval, fillcolor=gray, fontcolor=black]
    2 [ label="bar" style=filled, shape=oval, fillcolor=gray, fontcolor=black]
    3 [ label="baz" style=filled, shape=oval, fillcolor=gray, fontcolor=black]
    0 -> 1 [ arrowhead=none]
    0 -> 2 [ arrowhead=none]
    1 -> 2 [ arrowhead=box, arrowtail=box]
    0 -> 3 [ arrowhead=none]
    1 -> 3 [ arrowhead=box, arrowtail=box]
}



