---
source: crates/cli/tests/project_test.rs
expression: assert.output()
---

 BASIC 

Project: basic
Source: basic
Language: javascript
Type: unknown
Tags: vue

 DEPENDS ON 

 - noConfig (explicit, production)

 INPUT GROUPS 

sources:
 - basic/src/**/*
 - basic/types/**/*
tests:
 - basic/**/*_test.rs



