---
source: crates/cli/tests/project_test.rs
assertion_line: 55
expression: get_assert_output(&assert)
---

 ADVANCED 

ID: advanced
Source: advanced
Type: Library
Name: Advanced
Description: Advanced example.
Owner: Batman
Maintainers:
 - Bruce Wayne
Channel: #batcave

 FILE GROUPS 

sources:
 - src/**/*
 - types/**/*
tests:
 - tests/**/*



