---
source: crates/cli/tests/project_test.rs
expression: assert.output()
---
About ──────────────────

  Project: noConfig
  Source: no-config
  Toolchain: system
  Language: unknown
  Stack: unknown
  Type: unknown
  Depends on: —

Configuation ───────────

  Inherits from:
    - .moon/tasks.yml
  Tags: —
  Environment variables: —

File groups ────────────

  sources:
    - no-config/src/**/*
    - no-config/types/**/*
  tests:
    - no-config/tests/**/*
