---
source: crates/cli/tests/project_graph_test.rs
assertion_line: 50
expression: assert.output()
---
digraph {
    0 [ label="tasks" style=filled, shape=oval, fillcolor=gray, fontcolor=black]
    1 [ label="emptyConfig" style=filled, shape=oval, fillcolor=gray, fontcolor=black]
    2 [ label="bash" style=filled, shape=oval, fillcolor=gray, fontcolor=black]
    3 [ label="platforms" style=filled, shape=oval, fillcolor=gray, fontcolor=black]
    4 [ label="bar" style=filled, shape=oval, fillcolor=gray, fontcolor=black]
    5 [ label="basic" style=filled, shape=oval, fillcolor=gray, fontcolor=black]
    6 [ label="noConfig" style=filled, shape=oval, fillcolor=gray, fontcolor=black]
    7 [ label="advanced" style=filled, shape=oval, fillcolor=gray, fontcolor=black]
    8 [ label="foo" style=filled, shape=oval, fillcolor=gray, fontcolor=black]
    9 [ label="baz" style=filled, shape=oval, fillcolor=gray, fontcolor=black]
    10 [ label="ts" style=filled, shape=oval, fillcolor=gray, fontcolor=black]
    11 [ label="js" style=filled, shape=oval, fillcolor=gray, fontcolor=black]
    5 -> 6 [ arrowhead=box, arrowtail=box]
    8 -> 4 [ arrowhead=box, arrowtail=box]
    8 -> 9 [ arrowhead=box, arrowtail=box]
}



