---
source: crates/cli/tests/project_test.rs
expression: assert.output()
---
 BASIC 

Project: basic
Source: basic
Platform: node
Language: javascript
Stack: unknown
Type: unknown
Tags: vue

 DEPENDS ON 

  - noConfig (explicit, production)

 INHERITS FROM 

  - .moon/tasks.yml

 FILE GROUPS 

sources:
  - basic/src/**/*
  - basic/types/**/*
tests:
  - basic/**/*_test.rs
