---
source: crates/cli/tests/project_test.rs
expression: assert.output()
---

 ADVANCED 

ID: advanced
Source: advanced
Language: typescript
Type: application
Name: Advanced
Description: Advanced example.
Owner: Batman
Maintainers:
 - Bruce Wayne
Channel: #batcave

 FILE GROUPS 

sources:
 - src/**/*
 - types/**/*
tests:
 - tests/**/*



