---
source: crates/cli/tests/project_test.rs
expression: assert.output_standardized()
---

 FOO 

ID: foo
Source: deps/foo
Language: javascript
Type: application
Tags: react

 DEPENDS ON 

 - bar (explicit, production)
 - baz (explicit, production)

 FILE GROUPS 

sources:
 - src/**/*
 - types/**/*
tests:
 - tests/**/*



