---
source: crates/cli/tests/project_test.rs
assertion_line: 76
expression: get_assert_output(&assert)
---

[38;5;16m[48;5;111m[1m TASKS [0m

ID: tasks
Source: tasks

[38;5;16m[48;5;15m[1m TASKS [0m

lint: eslint --cache --report-unused-disable-directives
test: jest --cache --color

[38;5;16m[48;5;15m[1m FILE GROUPS [0m

sources:
 - src/**/*
 - types/**/*
tests:
 - tests/**/*



