---
source: crates/cli/tests/query_test.rs
expression: assert.output_standardized()
---
╭─────────────────────────────────────────────────────────────────────────────────────────────────────────────────────────────────────────────────────────────────────────────────────────╮
│Project           Source             Stack             Type              Language       Toolchains                 Description                                                           │
│─────────────────────────────────────────────────────────────────────────────────────────────────────────────────────────────────────────────────────────────────────────────────────────│
│advanced          advanced           frontend          application       typescript     node, typescript                                                                                 │
│bar               deps/bar           unknown           unknown           unknown        system                                                                                           │
│basic             basic              unknown           unknown           javascript     node                                                                                             │
│baz               deps/baz           unknown           unknown           unknown        system                                                                                           │
│emptyConfig       empty-config       unknown           unknown           unknown        system                                                                                           │
│foo               deps/foo           unknown           application       javascript     node                                                                                             │
│metadata          metadata           infrastructure    configuration     unknown        system                     Advanced example.                                                     │
│noConfig          no-config          unknown           unknown           unknown        system                                                                                           │
│platforms         platforms          unknown           unknown           unknown        system                                                                                           │
│tasks             tasks              unknown           unknown           typescript     node, typescript                                                                                 │
╰─────────────────────────────────────────────────────────────────────────────────────────────────────────────────────────────────────────────────────────────────────────────────────────╯
