---
source: crates/cli/tests/query_test.rs
expression: assert.output_standardized()
---
╭─────────────────────────────────────────────────────────────────────────────────────────────────────────────────────────────────────────────────────────────────────────────────────────╮
│Task                   Command      Type        Preset      Toolchains                 Description                                                                                       │
│─────────────────────────────────────────────────────────────────────────────────────────────────────────────────────────────────────────────────────────────────────────────────────────│
│metadata:build         noop         test                    system                     Builds the project!                                                                               │
│metadata:test          noop         test                    system                     Runs the test runner!                                                                             │
│platforms:node         node         test                    node                                                                                                                         │
│platforms:system       noop         test                    system                                                                                                                       │
│tasks:lint             eslint       build                   node, typescript                                                                                                             │
│tasks:test             jest         test                    node, typescript                                                                                                             │
╰─────────────────────────────────────────────────────────────────────────────────────────────────────────────────────────────────────────────────────────────────────────────────────────╯
