---
source: crates/cli/tests/query_test.rs
expression: assert.output_standardized()
---
╭──────────────────────────────────────────────────────────╮
│Task         Comman  Type    Prese  Toolchains      Descri│
│             d               t                      ption │
│──────────────────────────────────────────────────────────│
│metadata:bu  noop   test          system         Builds   │
│ild                                              the      │
│                                                 project! │
│metadata:t  noop    test         system         Runs      │
│est                                             the test  │
│                                                runner!   │
│platforms:nod  node     test            node              │
│e                                                         │
│platforms:sys  noop     test            system            │
│tem                                                       │
│tasks:lint     eslint   build           node, typescript  │
│                                                          │
│tasks:test     jest     test            node, typescript  │
│                                                          │
╰──────────────────────────────────────────────────────────╯
