---
source: crates/cli/tests/query_test.rs
expression: assert.output()
---
╭──────────────────────────────────────────────────────────╮
│Project        Source          Stack             Type     │
│                                                          │
│                                                          │
│                                                          │
│                                                          │
│                                                          │
│                                                          │
│                                                          │
│                                                          │
│                                                          │
│                                                          │
│──────────────────────────────────────────────────────────│
│advanced       advanced        frontend          applicatio
│metadata       metadata        infrastructure    configurat
│                                                          │
│                                                          │
│                                                          │
│                                                          │
│                                                          │
│                                                          │
│                                                          │
│                                                          │
│                                                          │
│                                                          │
│                                                          │
│                                                          │
│                                                          │
│                                                          │
│                                                          │
│noConfig       no-config       unknown           unknown  │
╰──────────────────────────────────────────────────────────╯
