---
source: crates/cli/tests/query_test.rs
expression: assert.output()
---
╭──────────────────────────────────────────────────────────╮
│Projec  Source  Stack   Type     Langua  Toolchains  Descr│
│t                                ge                  iptio│
│                                                     n    │
│──────────────────────────────────────────────────────────│
│advanc  advance  fronten  applicat  typesc  node,         │
│ed      d        d        ion       ript    typescript    │
│metad  metada  infras  configu  unkno  system      Advance│
│ata    ta      tructu  ration   wn                 d      │
│               re                                  example│
│                                                   .      │
│noConf  no-      unknown  unknown   unknow  system        │
│ig      config                      n                     │
╰──────────────────────────────────────────────────────────╯
