---
source: crates/cli/tests/query_test.rs
expression: assert.output()
---
advanced | advanced | application | typescript
bar | deps/bar | unknown | unknown
basic | basic | unknown | javascript
baz | deps/baz | unknown | unknown
emptyConfig | empty-config | unknown | unknown
foo | deps/foo | application | javascript
noConfig | no-config | unknown | unknown
platforms | platforms | unknown | unknown
tasks | tasks | unknown | typescript


