---
source: crates/cli/tests/run_test.rs
expression: assert.output()
---
▪▪▪▪ npm install
▪▪▪▪ outputStyles:bufferFailureFail
▪▪▪▪ outputStyles:bufferFailureFail (100ms)
stdout

stderr

Error: target_runner::run_failed

  × Task outputStyles:bufferFailureFail failed to run. View hash details with
  │ moon query hash hash1234.
  ╰─▶ Process node failed with a 1 exit code.



