---
source: crates/cli/tests/run_test.rs
assertion_line: 174
expression: "standardize_separators(get_path_safe_output(&assert,\n        &PathBuf::from(\"./fake/path\")))"
---

 ERROR 

Failed to validate base/moon.yml configuration file.

  ▪ missing field `name` for key "project.project" in base/moon.yml YAML Extended file



