---
source: crates/cli/tests/run_test.rs
assertion_line: 148
expression: get_assert_output(&assert)
---

 ERROR

Failed to validate .moon/project.yml configuration file.

  ▪ invalid type: found unsigned int `123`, expected a map for key "globalProject.tasks" in .moon/project.yml YAML Extended file



