---
source: crates/cli/tests/run_typescript_test.rs
expression: "read_to_string(sandbox.path().join(\"syncs-deps-refs/tsconfig.json\")).unwrap()"
---
{
  "extends": "../tsconfig.options.json",
  "include": [
    "**/*"
  ],
  "references": [
    {
      "path": "../deps-no-config"
    },
    {
      "path": "../deps-with-config"
    }
  ]
}

