---
source: crates/cli/tests/run_test.rs
assertion_line: 1005
expression: get_assert_output(&assert)
---
▪▪▪▪ npm install
▪▪▪▪ outputStyles:hash
▪▪▪▪ outputStyles:hash (100ms)
▪▪▪▪ outputStyles:hashPrimary (no op)

Tasks: 2 completed
 Time: 100ms

2523f28aea5ef8b1270f29e526dba170b72cd0fd06bba60b9f4568c22b890bc2


