---
source: legacy/cli/tests/run_system_test.rs
expression: assert.output()
---
▪▪▪▪ windows:retryCount
stdout
▪▪▪▪ windows:retryCount (attempt 2/4)
stdout
▪▪▪▪ windows:retryCount (attempt 3/4)
stdout
▪▪▪▪ windows:retryCount (attempt 4/4)
stdout
▪▪▪▪ windows:retryCount (attempt 4/4, 100ms)
stderr 
stderr 
stderr 
stderr 
Error: task_runner::run_failed

  × Task windows:retryCount failed to run.
  ╰─▶ Process cmd.exe failed: exit code 1
