---
source: crates/cli/tests/run_legacy_test.rs
expression: "[extract_hash_from_run(sandbox.path(), \"outputs:asDep\"),\nextract_hash_from_run(sandbox.path(), \"outputs:withDeps\")]"
---
[
    "b4e0dd5e32ae7150e7c17bd936ce2845ea2d55f2f19b8324788a0de2cdade301",
    "3556bc5726760e71f532915d4dd9fc059874a4520961b8896c9acdf8d1059a76",
]
