---
source: crates/cli/tests/run_bun_test.rs
expression: assert.output()
---
▪▪▪▪ bun install
▪▪▪▪ bun:unhandledPromise
stdout
▪▪▪▪ bun:unhandledPromise (100ms)
stderr
error: Oops
Error: task_runner::run_failed

  × Task bun:unhandledPromise failed to run. View hash details with moon query
  │ hash hash1234.
  ╰─▶ Process bun failed with a 1 exit code.



