---
source: crates/cli/tests/run_test.rs
assertion_line: 330
expression: get_assert_output(&assert)
---
▪▪▪▪ npm install
▪▪▪▪ node:processExitNonZero
stdout
stderr
▪▪▪▪ node:processExitNonZero (100ms)

[38;5;15m[48;5;161m[1m ERROR [0m Process ~/.moon/tools/node/16.0.0/bin/node failed with a 1 exit code.


