---
source: crates/cli/tests/run_node_test.rs
expression: assert.output()
---
▪▪▪▪ npm install
▪▪▪▪ node:processExitNonZero
stdout
▪▪▪▪ node:processExitNonZero (100ms)
stderr
Error: target_runner::run_failed

  × Failed to run task node:processExitNonZero with hash c42c5bf0.
  ╰─▶ Process node failed with a 1 exit code.



