---
source: crates/cli/tests/run_system_test.rs
expression: assert.output()
---
▪▪▪▪ unix:retryCount
stdout
▪▪▪▪ unix:retryCount (100ms)
▪▪▪▪ unix:retryCount (2/4)
stdout
▪▪▪▪ unix:retryCount (2/4, 100ms)
▪▪▪▪ unix:retryCount (3/4)
stdout
▪▪▪▪ unix:retryCount (3/4, 100ms)
▪▪▪▪ unix:retryCount (4/4)
stdout
▪▪▪▪ unix:retryCount (4/4, 100ms)
stderr
stderr
stderr
stderr
Error: target_runner::run_failed

  × Task unix:retryCount failed to run. View hash details with moon query
  │ hash hash1234.
  ╰─▶ Process bash failed with a 1 exit code.



