---
source: crates/cli/tests/run_test.rs
assertion_line: 782
expression: get_assert_output(&assert)
---

 ERROR 

Failed to validate .moon/workspace.yml configuration file.

  ▪ unknown variant: found `invalid`, expected ``nodenv` or `nvm`` for key "workspace.node.syncVersionManagerConfig" in .moon/workspace.yml YAML file



