---
source: crates/cli/tests/run_typescript_test.rs
expression: "read_to_string(sandbox.path().join(\"syncs-paths-refs/tsconfig.json\")).unwrap()"
---
{
  "references": [
    {
      "path": "../base-no-src"
    },
    {
      "path": "../base-src"
    }
  ],
  "compilerOptions": {
    "paths": {
      "test-typescript-base-no-src": [
        "../base-no-src/index.tsx"
      ],
      "test-typescript-base-no-src/*": [
        "../base-no-src/*"
      ],
      "test-typescript-base-src": [
        "../base-src/src/index.ts"
      ],
      "test-typescript-base-src/*": [
        "../base-src/src/*"
      ]
    }
  }
}

