---
source: crates/cli/tests/run_test.rs
expression: assert.output()
---
▪▪▪▪ npm install
▪▪▪▪ outputStyles:bufferFailureFail
▪▪▪▪ outputStyles:bufferFailureFail (100ms)
stdout

stderr

Error: target_runner::run_failed

  × Failed to run task outputStyles:bufferFailureFail with hash d6eb57ac.
  ╰─▶ Process node failed with a 1 exit code.



