---
source: crates/cli/tests/run_node_test.rs
expression: assert.output()
---
▪▪▪▪ npm install
▪▪▪▪ node:processExitNonZero
stdout
▪▪▪▪ node:processExitNonZero (100ms)
stderr
Error: task_runner::run_failed

  × Task node:processExitNonZero failed to run. View hash details with moon
  │ query hash hash1234.
  ╰─▶ Process node failed with a 1 exit code.



