---
source: crates/cli/tests/run_node_test.rs
expression: assert.output()
---
▪▪▪▪ npm install
▪▪▪▪ node:exitCodeNonZero
stdout
This should appear!
▪▪▪▪ node:exitCodeNonZero (100ms)
stderr
Error: target_runner::run_failed

  × Failed to run task node:exitCodeNonZero with hash 59783c14.
  ╰─▶ Process node failed with a 1 exit code.



