---
source: crates/cli/tests/run_system_test.rs
expression: assert.output()
---
▪▪▪▪ unix:exitNonZeroInline
▪▪▪▪ unix:exitNonZeroInline (100ms)
Error: target_runner::run_failed

  × Task unix:exitNonZeroInline failed to run. View hash details with moon
  │ query hash c3dcd8dd.
  ╰─▶ Process bash failed with a 2 exit code.



