---
source: crates/cli/tests/run_test.rs
assertion_line: 152
expression: "standardize_separators(get_path_safe_output(&assert,\n        &PathBuf::from(\"./fake/path\")))"
---

 ERROR 

Failed to validate test/moon.yml configuration file.

  ▪ missing field `name` for key "project.project" in test/moon.yml YAML file



