---
source: crates/cli/tests/run_test.rs
expression: "[extract_hash_from_run(sandbox.path(), \"outputs:asDep\"),\nextract_hash_from_run(sandbox.path(), \"outputs:withDeps\")]"
---
[
    "b55b42cd3d47abfcff4daa30af0e2e525e08a8f7a855879b1c5fa60ebf0c12b6",
    "07c1f856f7a1ff635caacfebed3a97dc6baff8f3391223919b12f49cbd0df1e3",
]
