---
source: crates/cli/tests/run_test.rs
assertion_line: 504
expression: get_assert_output(&assert)
---
▪▪▪▪ system:retryCount
stdout
▪▪▪▪ system:retryCount (2/4)
stdout
▪▪▪▪ system:retryCount (3/4)
stdout
▪▪▪▪ system:retryCount (4/4)
stdout
stderr
▪▪▪▪ system:retryCount (100ms)
stderr
▪▪▪▪ system:retryCount (2/4, 100ms)
stderr
▪▪▪▪ system:retryCount (3/4, 100ms)
stderr
▪▪▪▪ system:retryCount (4/4, 100ms)

 ERROR  Process bash failed with a 1 exit code.



