---
source: crates/cli/tests/run_test.rs
assertion_line: 1018
expression: assert.output()
---
▪▪▪▪ npm install
▪▪▪▪ outputStyles:hash
▪▪▪▪ outputStyles:hash (100ms)
▪▪▪▪ outputStyles:hashPrimary (no op)

Tasks: 2 completed
 Time: 100ms

9a8ca613b896615f37d8de57650565fe1978e1a64be2581a1acee7886e4769b2


