---
source: crates/cli/tests/run_test.rs
assertion_line: 478
expression: "get_path_safe_output(&assert, fixture.path())"
---
▪▪▪▪ npm install
▪▪▪▪ node:envVarsMoon
MOON_CACHE=write
MOON_CACHE_DIR=<WORKSPACE>/.moon/cache
MOON_LOG=trace
MOON_PROJECT_ID=node
MOON_PROJECT_ROOT=<WORKSPACE>/node
MOON_PROJECT_RUNFILE=<WORKSPACE>/.moon/cache/runs/node/runfile.json
MOON_PROJECT_SOURCE=node
MOON_TARGET=node:envVarsMoon
MOON_TOOLCHAIN_DIR=~/.moon
MOON_WORKING_DIR=<WORKSPACE>
MOON_WORKSPACE_ROOT=<WORKSPACE>

Tasks: 1 completed
 Time: 100ms



