---
source: crates/cli/tests/run_test.rs
assertion_line: 131
expression: "standardize_separators(get_path_safe_output(&assert,\n        &PathBuf::from(\"./fake/path\")))"
---

 ERROR

Failed to validate .moon/tasks.yml configuration file.

  ▪ invalid type: found unsigned int `123`, expected a map for key "tasks.tasks" in .moon/tasks.yml YAML Extended file



