---
source: crates/cli/tests/run_system_test.rs
expression: assert.output()
---
stdout
▪▪▪▪ unix:exitNonZero
▪▪▪▪ unix:exitNonZero (100ms)
stderr
Error: task_runner::run_failed

  × Task unix:exitNonZero failed to run. View hash details with moon query
  │ hash hash1234.
  ╰─▶ Process bash failed with a 1 exit code.



