---
source: crates/cli/tests/run_node_test.rs
assertion_line: 487
expression: "read_to_string(fixture.path().join(\"tsconfig.json\")).unwrap()"
---
{
  "references": [
    {
      "path": "base"
    },
    {
      "path": "depends-on"
    },
    {
      "path": "deps-b"
    },
    {
      "path": "deps-c"
    }
  ]
}

