---
source: crates/cli/tests/run_test.rs
assertion_line: 279
expression: get_assert_output(&assert)
---
▪▪▪▪ npm install
▪▪▪▪ depsC:dependencyOrder
▪▪▪▪ depsC:dependencyOrder (100ms)
deps=c

▪▪▪▪ depsB:dependencyOrder
▪▪▪▪ depsB:dependencyOrder (100ms)
deps=b

▪▪▪▪ depsA:dependencyOrder
deps=a

Tasks: 3 completed
 Time: 100ms



