---
source: crates/cli/tests/run_deno_test.rs
expression: assert.output()
---
▪▪▪▪ deno:exitCodeNonZero
stdout
▪▪▪▪ deno:exitCodeNonZero (100ms)
stderr
Error: task_runner::run_failed

  × Task deno:exitCodeNonZero failed to run. View hash details with moon query
  │ hash hash1234.
  ╰─▶ Process deno failed with a 1 exit code.



