---
source: crates/cli/tests/run_test.rs
assertion_line: 138
expression: get_assert_output(&assert)
---

 ERROR 

Failed to validate .moon/workspace.yml configuration file.

  ▪ invalid type: found bool true, expected a sequence of globs or a map of projects for key "default.projects" in .moon/workspace.yml YAML file



