---
source: crates/cli/tests/tasks_test.rs
expression: assert.output()
---
╭────────────────────────────────────────────────────────────────────────────────────────────────────────────────────────────────────────────────────╮
│Task             Command      Type        Preset      Toolchains                                Description                                         │
│────────────────────────────────────────────────────────────────────────────────────────────────────────────────────────────────────────────────────│
│tasks:lint       eslint       build                   system                                                                                        │
│tasks:test       jest         test                    system                                                                                        │
╰────────────────────────────────────────────────────────────────────────────────────────────────────────────────────────────────────────────────────╯
