---
source: crates/cli/tests/task_test.rs
expression: assert.output_standardized()
---
About ──────────────────

  Target: tasks:lint
  Project: tasks
  Task: lint
  Toolchains: node, typescript
  Type: build

Process ────────────────

  Command: eslint --cache --report-unused-disable-directives
  Environment variables: —
  Depends on: —
  Runs dependencies: Concurrently
  Runs in CI: Yes

Configuration ──────────

  Inputs:
    - .moon/*.{pkl,yml}
    - tasks/**/*
  Outputs:
    - tasks/cache
