---
source: crates/cli/tests/task_test.rs
expression: assert.output_standardized()
---
About ──────────────────

  Target: tasks:test
  Project: tasks
  Task: test
  Toolchains: node, typescript
  Type: test

Process ────────────────

  Command: jest --cache --color
  Environment variables: —
  Depends on: —
  Runs dependencies: Concurrently
  Runs in CI: Yes

Configuration ──────────

  Inputs:
    - .moon/*.{pkl,yml}
    - tasks/tests/**/*
  Outputs: —
