---
source: crates/cli/src/commands/project.rs
assertion_line: 178
expression: get_assert_output(&assert)

---

[38;5;16m[48;5;111m[1m TASKS [0m

[38;5;248mID:[0m [38;5;111mtasks[0m
[38;5;248mSource:[0m [38;5;36mtasks[0m

[38;5;16m[48;5;15m[1m TASKS [0m

[38;5;248mlint:[0m [38;5;183meslint --cache --report-unused-disable-directives[0m
[38;5;248mtest:[0m [38;5;183mjest --cache --color[0m

[38;5;16m[48;5;15m[1m FILE GROUPS [0m

[38;5;248msources:[0m
 [38;5;239m-[0m [38;5;36msrc/**/*[0m
 [38;5;239m-[0m [38;5;36mtypes/**/*[0m
[38;5;248mtests:[0m
 [38;5;239m-[0m [38;5;36mtests/**/*[0m


