---
source: crates/action-runner/tests/dep_graph_test.rs
assertion_line: 387
expression: graph.to_dot()
---
digraph {
    0 [ label = "\"SetupToolchain\"" ]
    1 [ label = "\"InstallDeps(Node)\"" ]
    2 [ label = "\"SyncProject(Node, inputB)\"" ]
    3 [ label = "\"RunTarget(inputB:b2)\"" ]
    4 [ label = "\"SyncProject(Node, inputC)\"" ]
    5 [ label = "\"RunTarget(inputC:c)\"" ]
    1 -> 0 [ ]
    2 -> 0 [ ]
    3 -> 1 [ ]
    3 -> 2 [ ]
    4 -> 0 [ ]
    5 -> 1 [ ]
    5 -> 4 [ ]
}

