---
source: crates/action-runner/tests/dep_graph_test.rs
assertion_line: 162
expression: graph.to_dot()
---
digraph {
    0 [ label = "\"SetupToolchain\"" ]
    1 [ label = "\"InstallNodeDeps\"" ]
    2 [ label = "\"SyncNodeProject(basic)\"" ]
    3 [ label = "\"RunTarget(basic:test)\"" ]
    4 [ label = "\"RunTarget(basic:lint)\"" ]
    5 [ label = "\"SyncNodeProject(chain)\"" ]
    6 [ label = "\"RunTarget(chain:a)\"" ]
    7 [ label = "\"RunTarget(chain:b)\"" ]
    8 [ label = "\"RunTarget(chain:c)\"" ]
    9 [ label = "\"RunTarget(chain:d)\"" ]
    10 [ label = "\"RunTarget(chain:e)\"" ]
    11 [ label = "\"RunTarget(chain:f)\"" ]
    1 -> 0 [ ]
    2 -> 0 [ ]
    3 -> 1 [ ]
    3 -> 2 [ ]
    4 -> 1 [ ]
    4 -> 2 [ ]
    5 -> 0 [ ]
    6 -> 1 [ ]
    6 -> 5 [ ]
    7 -> 1 [ ]
    7 -> 5 [ ]
    8 -> 1 [ ]
    8 -> 5 [ ]
    9 -> 1 [ ]
    9 -> 5 [ ]
    10 -> 1 [ ]
    10 -> 5 [ ]
    11 -> 1 [ ]
    11 -> 5 [ ]
    10 -> 11 [ ]
    9 -> 10 [ ]
    8 -> 9 [ ]
    7 -> 8 [ ]
    6 -> 7 [ ]
}

