---
source: crates/action-runner/tests/dep_graph_test.rs
assertion_line: 485
expression: graph.to_dot()
---
digraph {
    0 [ label="SetupSystemTool" style=filled, shape=oval, fillcolor=gray, fontcolor=black]
    1 [ label="SyncSystemProject(noConfig)" style=filled, shape=oval, fillcolor=gray, fontcolor=black]
    2 [ label="SetupNodeTool(16.17.0)" style=filled, shape=oval, fillcolor=gray, fontcolor=black]
    3 [ label="SyncNodeProject(tasks)" style=filled, shape=oval, fillcolor=gray, fontcolor=black]
    1 -> 0 [ arrowhead=box, arrowtail=box]
    3 -> 2 [ arrowhead=box, arrowtail=box]
}

