---
source: crates/core/runner/tests/dep_graph_old_test.rs
assertion_line: 162
expression: graph.to_dot()
---
digraph {
    0 [ label="SetupNodeTool(16.0.0)" style=filled, shape=oval, fillcolor=gray, fontcolor=black]
    1 [ label="InstallNodeDeps(16.0.0)" style=filled, shape=oval, fillcolor=gray, fontcolor=black]
    2 [ label="SyncNodeProject(tasks)" style=filled, shape=oval, fillcolor=gray, fontcolor=black]
    3 [ label="RunTarget(tasks:test)" style=filled, shape=oval, fillcolor=gray, fontcolor=black]
    4 [ label="RunTarget(tasks:lint)" style=filled, shape=oval, fillcolor=gray, fontcolor=black]
    1 -> 0 [ arrowhead=box, arrowtail=box]
    2 -> 0 [ arrowhead=box, arrowtail=box]
    3 -> 1 [ arrowhead=box, arrowtail=box]
    3 -> 2 [ arrowhead=box, arrowtail=box]
    4 -> 1 [ arrowhead=box, arrowtail=box]
    4 -> 2 [ arrowhead=box, arrowtail=box]
}

