---
source: crates/action-graph/tests/action_graph_test.rs
expression: graph.to_dot()
---
digraph {
    0 [ label="SyncWorkspace" ]
    1 [ label="SetupToolchain(system)" ]
    2 [ label="SyncProject(system, common)" ]
    3 [ label="SyncProject(system, base)" ]
    4 [ label="RunTask(common:build)" ]
    5 [ label="SyncProject(system, client)" ]
    6 [ label="SyncProject(system, server)" ]
    7 [ label="RunTask(client:build)" ]
    8 [ label="RunTask(server:build)" ]
    9 [ label="RunTask(base:build)" ]
    1 -> 0 [ ]
    3 -> 1 [ ]
    2 -> 1 [ ]
    2 -> 3 [ ]
    4 -> 2 [ ]
    6 -> 1 [ ]
    5 -> 1 [ ]
    5 -> 6 [ ]
    5 -> 2 [ ]
    8 -> 6 [ ]
    7 -> 5 [ ]
    7 -> 8 [ ]
    7 -> 4 [ ]
    9 -> 3 [ ]
}
