---
source: crates/action-graph/tests/action_graph_builder_test.rs
expression: graph.to_dot()
---
digraph {
    0 [ label="SyncWorkspace" ]
    1 [ label="SetupProto(1.2.3)" ]
    2 [ label="SetupToolchain(node:20.0.0)" ]
    3 [ label="InstallWorkspaceDeps(node:20.0.0)" ]
    4 [ label="InstallProjectDeps(node:20.0.0, out)" ]
    2 -> 0 [ ]
    2 -> 1 [ ]
    3 -> 0 [ ]
    3 -> 2 [ ]
    4 -> 0 [ ]
    4 -> 2 [ ]
}
