---
source: crates/action-graph/tests/action_graph_builder_test.rs
expression: graph.to_dot()
---
digraph {
    0 [ label="SyncWorkspace"]
    1 [ label="SyncProject(ci)"]
    2 [ label="RunTask(ci:ci2-dependency)"]
    3 [ label="RunTask(ci:ci3-dependency)"]
    4 [ label="RunTask(ci:ci4-dependency)"]
    5 [ label="SyncProject(deps-affected)"]
    6 [ label="RunTask(deps-affected:a)"]
    7 [ label="RunTask(deps-affected:b)"]
    8 [ label="RunTask(deps-affected:c)"]
    9 [ label="RunTask(deps-affected:d)"]
    10 [ label="SyncProject(deps)"]
    11 [ label="RunTask(deps:a)"]
    12 [ label="RunTask(deps:c)"]
    1 -> 0 [ label="required"]
    2 -> 1 [ label="required"]
    3 -> 1 [ label="required"]
    4 -> 1 [ label="required"]
    5 -> 0 [ label="required"]
    9 -> 5 [ label="required"]
    8 -> 5 [ label="required"]
    8 -> 9 [ label="required"]
    7 -> 5 [ label="required"]
    7 -> 8 [ label="required"]
    6 -> 5 [ label="required"]
    6 -> 7 [ label="required"]
    10 -> 0 [ label="required"]
    11 -> 10 [ label="required"]
    12 -> 10 [ label="required"]
}
