---
source: crates/action-graph/tests/action_graph_builder_test.rs
expression: graph.to_dot()
---
digraph {
    0 [ label="SyncWorkspace" ]
    1 [ label="SetupToolchain(node:1.2.3)" ]
    2 [ label="SetupToolchain(node:4.5.6)" ]
    3 [ label="SetupToolchain(node:global)" ]
    1 -> 0 [ ]
    2 -> 0 [ ]
    3 -> 0 [ ]
}
