---
source: crates/action-graph/tests/action_graph_builder_test.rs
expression: graph.to_dot()
---
digraph {
    0 [ label="SyncWorkspace" ]
    1 [ label="SyncProject(bar)" ]
    2 [ label="SetupToolchain(node:global)" ]
    3 [ label="InstallWorkspaceDeps(node:global)" ]
    4 [ label="RunTask(bar:build)" ]
    1 -> 0 [ ]
    2 -> 0 [ ]
    3 -> 2 [ ]
    4 -> 1 [ ]
    4 -> 3 [ ]
}
