---
source: crates/action-graph/tests/action_graph_builder_test.rs
expression: graph.to_dot()
---
digraph {
    0 [ label="SyncWorkspace" ]
    1 [ label="SetupProto(1.2.3)" ]
    2 [ label="SetupToolchain(tc-tier3:1.2.3)" ]
    3 [ label="SetupToolchain(tc-tier3:4.5.6)" ]
    4 [ label="SetupToolchain(tc-tier3)" ]
    2 -> 0 [ ]
    2 -> 1 [ ]
    3 -> 0 [ ]
    3 -> 1 [ ]
    4 -> 0 [ ]
    4 -> 1 [ ]
}
