---
source: crates/action-graph/tests/action_graph_builder_test.rs
expression: graph.to_dot()
---
digraph {
    0 [ label="SyncWorkspace"]
    1 [ label="SyncProject(deps)"]
    2 [ label="RunTask(deps:base)"]
    3 [ label="RunTask(deps:parent2)"]
    4 [ label="RunTask(deps:parent1)"]
    5 [ label="SyncProject(deps-external)"]
    6 [ label="RunTask(deps-external:external)"]
    1 -> 0 [ label="required"]
    2 -> 1 [ label="required"]
    3 -> 1 [ label="required"]
    3 -> 2 [ label="required"]
    4 -> 1 [ label="required"]
    4 -> 2 [ label="required"]
    5 -> 0 [ label="required"]
    5 -> 1 [ label="required"]
    6 -> 5 [ label="required"]
    6 -> 2 [ label="required"]
}
