---
source: crates/cli/tests/project_test.rs
expression: assert.output()
---
 ADVANCED 

Project: advanced
Source: advanced
Platform: node
Language: typescript
Stack: frontend
Type: application
Tags: react

 INHERITS FROM 

  - .moon/tasks.yml

 FILE GROUPS 

sources:
  - advanced/src/**/*
  - advanced/types/**/*
tests:
  - advanced/tests/**/*
