---
source: legacy/cli/tests/run_test.rs
expression: assert.output()
---
▪▪▪▪ npm install
▪▪▪▪ outputStyles:bufferFailureFail
stdout
▪▪▪▪ outputStyles:bufferFailureFail (100ms)
stderr
Error: task_runner::run_failed

  × Task outputStyles:bufferFailureFail failed to run.
  ╰─▶ Process node failed: exit code 1
